::1 - - [25/Feb/2025:04:20:53 +0000] "GET /v1/product HTTP/1.1" 200 2003 "-" "PostmanRuntime/7.43.0"
::1 - - [25/Feb/2025:04:21:36 +0000] "GET /v1/product HTTP/1.1" 200 2003 "-" "PostmanRuntime/7.43.0"
::1 - - [25/Feb/2025:04:25:46 +0000] "GET /v1/product HTTP/1.1" 200 2003 "-" "PostmanRuntime/7.43.0"
::1 - - [25/Feb/2025:07:26:07 +0000] "GET /api/employee HTTP/1.1" 404 151 "-" "PostmanRuntime/7.43.0"
::1 - - [25/Feb/2025:07:26:20 +0000] "GET /v1/employee HTTP/1.1" 200 953 "-" "PostmanRuntime/7.43.0"
::1 - - [25/Feb/2025:07:27:35 +0000] "GET /v1/employee/1 HTTP/1.1" 404 23 "-" "PostmanRuntime/7.43.0"
::1 - - [25/Feb/2025:07:27:39 +0000] "GET /v1/employee/4 HTTP/1.1" 200 318 "-" "PostmanRuntime/7.43.0"
::1 - - [25/Feb/2025:07:27:52 +0000] "GET /v1/employee/4?auth=true HTTP/1.1" 200 330 "-" "PostmanRuntime/7.43.0"
::1 - - [25/Feb/2025:07:27:59 +0000] "GET /v1/employee/?auth=true3 HTTP/1.1" 200 953 "-" "PostmanRuntime/7.43.0"
::1 - - [25/Feb/2025:07:28:06 +0000] "GET /v1/employee/3?auth=true HTTP/1.1" 200 327 "-" "PostmanRuntime/7.43.0"
::1 - - [25/Feb/2025:07:28:15 +0000] "GET /v1/employee/2?auth=true HTTP/1.1" 200 543 "-" "PostmanRuntime/7.43.0"
::1 - - [25/Feb/2025:07:29:06 +0000] "PATCH /v1/employee/2?type=remove HTTP/1.1" 200 307 "-" "PostmanRuntime/7.43.0"
::1 - - [25/Feb/2025:07:30:48 +0000] "PATCH /v1/employee/ HTTP/1.1" 404 153 "-" "PostmanRuntime/7.43.0"
::1 - - [25/Feb/2025:07:30:52 +0000] "PATCH /v1/employee/ HTTP/1.1" 404 153 "-" "PostmanRuntime/7.43.0"
::1 - - [25/Feb/2025:07:30:53 +0000] "PATCH /v1/employee/ HTTP/1.1" 404 153 "-" "PostmanRuntime/7.43.0"
::1 - - [25/Feb/2025:07:30:54 +0000] "PATCH /v1/employee HTTP/1.1" 404 152 "-" "PostmanRuntime/7.43.0"
::1 - - [25/Feb/2025:07:30:55 +0000] "PATCH /v1/employee HTTP/1.1" 404 152 "-" "PostmanRuntime/7.43.0"
::1 - - [25/Feb/2025:07:30:59 +0000] "PATCH /v1/employee HTTP/1.1" 404 152 "-" "PostmanRuntime/7.43.0"
::1 - - [25/Feb/2025:07:31:00 +0000] "PATCH /v1/employee HTTP/1.1" 404 152 "-" "PostmanRuntime/7.43.0"
::1 - - [25/Feb/2025:07:31:00 +0000] "PATCH /v1/employee HTTP/1.1" 404 152 "-" "PostmanRuntime/7.43.0"
::1 - - [25/Feb/2025:07:31:16 +0000] "GET /v1/employee HTTP/1.1" 200 636 "-" "PostmanRuntime/7.43.0"
::1 - - [25/Feb/2025:07:31:27 +0000] "GET /v1/employee/3 HTTP/1.1" 200 315 "-" "PostmanRuntime/7.43.0"
::1 - - [25/Feb/2025:07:31:33 +0000] "GET /v1/employee/2 HTTP/1.1" 404 23 "-" "PostmanRuntime/7.43.0"
::1 - - [25/Feb/2025:07:31:40 +0000] "GET /v1/employee/ HTTP/1.1" 200 636 "-" "PostmanRuntime/7.43.0"
::1 - - [25/Feb/2025:07:31:56 +0000] "GET /v1/employee?status=disactive HTTP/1.1" 200 321 "-" "PostmanRuntime/7.43.0"
::1 - - [25/Feb/2025:07:32:15 +0000] "GET /v1/employee/2?status=disactive HTTP/1.1" 200 319 "-" "PostmanRuntime/7.43.0"
::1 - - [25/Feb/2025:08:32:58 +0000] "GET /v1/department HTTP/1.1" 200 151 "-" "PostmanRuntime/7.43.0"
::1 - - [25/Feb/2025:08:35:39 +0000] "GET /v1/department?status=disactive HTTP/1.1" 400 17 "-" "PostmanRuntime/7.43.0"
::1 - - [25/Feb/2025:08:36:58 +0000] "PATCH /v1/department/1 HTTP/1.1" 400 25 "-" "PostmanRuntime/7.43.0"
::1 - - [25/Feb/2025:08:37:07 +0000] "PATCH /v1/department/1?type=remove HTTP/1.1" 200 152 "-" "PostmanRuntime/7.43.0"
::1 - - [25/Feb/2025:08:39:37 +0000] "PATCH /v1/department HTTP/1.1" 404 154 "-" "PostmanRuntime/7.43.0"
::1 - - [25/Feb/2025:08:39:49 +0000] "GET /v1/department HTTP/1.1" 400 17 "-" "PostmanRuntime/7.43.0"
::1 - - [25/Feb/2025:08:39:52 +0000] "GET /v1/department/1 HTTP/1.1" 400 17 "-" "PostmanRuntime/7.43.0"
::1 - - [25/Feb/2025:08:40:01 +0000] "GET /v1/department/1?status=disactive HTTP/1.1" 200 152 "-" "PostmanRuntime/7.43.0"
::1 - - [25/Feb/2025:08:43:28 +0000] "POST /v1/department HTTP/1.1" 200 155 "-" "PostmanRuntime/7.43.0"
::1 - - [25/Feb/2025:08:43:43 +0000] "GET /v1/department HTTP/1.1" 200 157 "-" "PostmanRuntime/7.43.0"
::1 - - [25/Feb/2025:08:47:41 +0000] "POST /v1/department HTTP/1.1" 200 145 "-" "PostmanRuntime/7.43.0"
::1 - - [25/Feb/2025:08:49:13 +0000] "POST /v1/department HTTP/1.1" 200 145 "-" "PostmanRuntime/7.43.0"
::1 - - [25/Feb/2025:08:52:05 +0000] "PATCH /v1/department/1?type=restore HTTP/1.1" 200 149 "-" "PostmanRuntime/7.43.0"
::1 - - [25/Feb/2025:08:52:59 +0000] "GET /v1/department HTTP/1.1" 200 588 "-" "PostmanRuntime/7.43.0"
::1 - - [25/Feb/2025:08:53:26 +0000] "GET /v1/department HTTP/1.1" 200 588 "-" "PostmanRuntime/7.43.0"
::1 - - [25/Feb/2025:08:53:27 +0000] "GET /v1/department HTTP/1.1" 200 588 "-" "PostmanRuntime/7.43.0"
::1 - - [25/Feb/2025:08:53:28 +0000] "GET /v1/department HTTP/1.1" 200 588 "-" "PostmanRuntime/7.43.0"
::1 - - [25/Feb/2025:08:53:36 +0000] "GET /v1/department HTTP/1.1" 200 588 "-" "Mozilla/5.0 (Windows NT 10.0; Win64; x64) AppleWebKit/537.36 (KHTML, like Gecko) Chrome/133.0.0.0 Safari/537.36"
::1 - - [25/Feb/2025:08:53:36 +0000] "GET /favicon.ico HTTP/1.1" 404 150 "http://localhost:3000/v1/department" "Mozilla/5.0 (Windows NT 10.0; Win64; x64) AppleWebKit/537.36 (KHTML, like Gecko) Chrome/133.0.0.0 Safari/537.36"
::1 - - [25/Feb/2025:08:54:00 +0000] "GET /v1/department HTTP/1.1" 200 588 "-" "Mozilla/5.0 (Windows NT 10.0; Win64; x64) AppleWebKit/537.36 (KHTML, like Gecko) Chrome/133.0.0.0 Safari/537.36"
::1 - - [25/Feb/2025:08:54:12 +0000] "GET /v1/department HTTP/1.1" 200 588 "-" "PostmanRuntime/7.43.0"
::1 - - [25/Feb/2025:09:00:10 +0000] "GET /api/customer HTTP/1.1" 404 151 "-" "PostmanRuntime/7.43.0"
::1 - - [25/Feb/2025:09:00:19 +0000] "GET /v1/customer HTTP/1.1" 400 17 "-" "PostmanRuntime/7.43.0"
::1 - - [25/Feb/2025:09:10:40 +0000] "GET /v1/customer HTTP/1.1" 400 17 "-" "PostmanRuntime/7.43.0"
::1 - - [25/Feb/2025:09:12:55 +0000] "GET /v1/customer HTTP/1.1" 400 17 "-" "PostmanRuntime/7.43.0"
::1 - - [25/Feb/2025:09:16:07 +0000] "POST /v1/customer HTTP/1.1" 200 241 "-" "PostmanRuntime/7.43.0"
::1 - - [25/Feb/2025:09:16:15 +0000] "GET /v1/customer HTTP/1.1" 200 243 "-" "PostmanRuntime/7.43.0"
::1 - - [25/Feb/2025:09:16:22 +0000] "GET /v1/customer/1 HTTP/1.1" 400 17 "-" "PostmanRuntime/7.43.0"
::1 - - [25/Feb/2025:09:17:10 +0000] "GET /v1/customer HTTP/1.1" 200 243 "-" "PostmanRuntime/7.43.0"
::1 - - [25/Feb/2025:09:17:22 +0000] "GET /v1/customer/1 HTTP/1.1" 400 17 "-" "PostmanRuntime/7.43.0"
::1 - - [25/Feb/2025:09:18:23 +0000] "GET /v1/customer/2 HTTP/1.1" 500 79 "-" "PostmanRuntime/7.43.0"
::1 - - [25/Feb/2025:09:18:41 +0000] "GET /v1/customer/1 HTTP/1.1" 400 17 "-" "PostmanRuntime/7.43.0"
::1 - - [25/Feb/2025:09:18:44 +0000] "GET /v1/customer/2 HTTP/1.1" 500 79 "-" "PostmanRuntime/7.43.0"
::1 - - [25/Feb/2025:09:18:51 +0000] "GET /v1/customer HTTP/1.1" 200 243 "-" "PostmanRuntime/7.43.0"
::1 - - [25/Feb/2025:09:19:10 +0000] "GET /v1/customer?status=disactive HTTP/1.1" 400 17 "-" "PostmanRuntime/7.43.0"
::1 - - [25/Feb/2025:09:19:14 +0000] "GET /v1/customer HTTP/1.1" 200 243 "-" "PostmanRuntime/7.43.0"
::1 - - [25/Feb/2025:09:19:52 +0000] "POST /v1/customer HTTP/1.1" 200 240 "-" "PostmanRuntime/7.43.0"
::1 - - [25/Feb/2025:09:19:59 +0000] "GET /v1/customer HTTP/1.1" 200 484 "-" "PostmanRuntime/7.43.0"
::1 - - [25/Feb/2025:09:20:05 +0000] "GET /v1/customer/2 HTTP/1.1" 400 17 "-" "PostmanRuntime/7.43.0"
::1 - - [25/Feb/2025:09:20:46 +0000] "GET /v1/customer/2 HTTP/1.1" 400 17 "-" "PostmanRuntime/7.43.0"
::1 - - [25/Feb/2025:09:21:07 +0000] "GET /v1/customer/2 HTTP/1.1" 400 17 "-" "PostmanRuntime/7.43.0"
::1 - - [25/Feb/2025:09:21:22 +0000] "GET /v1/customer/2 HTTP/1.1" 400 17 "-" "PostmanRuntime/7.43.0"
::1 - - [25/Feb/2025:09:21:27 +0000] "GET /v1/customer HTTP/1.1" 200 484 "-" "PostmanRuntime/7.43.0"
::1 - - [25/Feb/2025:09:22:08 +0000] "GET /v1/customer/1 HTTP/1.1" 400 17 "-" "PostmanRuntime/7.43.0"
::1 - - [25/Feb/2025:09:22:59 +0000] "GET /v1/customer/1 HTTP/1.1" 400 17 "-" "PostmanRuntime/7.43.0"
::1 - - [25/Feb/2025:09:29:14 +0000] "GET /v1/customer/1 HTTP/1.1" 500 56 "-" "PostmanRuntime/7.43.0"
::1 - - [25/Feb/2025:09:29:30 +0000] "GET /v1/customer/1 HTTP/1.1" 200 241 "-" "PostmanRuntime/7.43.0"
::1 - - [25/Feb/2025:09:29:35 +0000] "GET /v1/customer/2 HTTP/1.1" 200 240 "-" "PostmanRuntime/7.43.0"
::1 - - [25/Feb/2025:09:30:36 +0000] "PATCH /v1/customer/2 HTTP/1.1" 400 25 "-" "PostmanRuntime/7.43.0"
::1 - - [25/Feb/2025:09:30:48 +0000] "PATCH /v1/customer/2?type=remove HTTP/1.1" 200 243 "-" "PostmanRuntime/7.43.0"
::1 - - [25/Feb/2025:09:30:53 +0000] "PATCH /v1/customer/2?type=restore HTTP/1.1" 200 240 "-" "PostmanRuntime/7.43.0"
::1 - - [25/Feb/2025:09:35:15 +0000] "GET /v1/reservation HTTP/1.1" 400 17 "-" "PostmanRuntime/7.43.0"
::1 - - [25/Feb/2025:09:37:07 +0000] "POST /v1/rooms HTTP/1.1" 404 148 "-" "PostmanRuntime/7.43.0"
::1 - - [25/Feb/2025:09:37:18 +0000] "GET /v1/room HTTP/1.1" 400 17 "-" "PostmanRuntime/7.43.0"
::1 - - [25/Feb/2025:09:37:25 +0000] "GET /v1/room/1 HTTP/1.1" 400 17 "-" "PostmanRuntime/7.43.0"
::1 - - [25/Feb/2025:10:09:15 +0000] "GET /v1/room/1 HTTP/1.1" 400 17 "-" "PostmanRuntime/7.43.0"
::1 - - [25/Feb/2025:10:13:57 +0000] "POST /v1/room HTTP/1.1" 200 196 "-" "PostmanRuntime/7.43.0"
::1 - - [25/Feb/2025:10:14:29 +0000] "GET /v1/room HTTP/1.1" 200 198 "-" "PostmanRuntime/7.43.0"
::1 - - [25/Feb/2025:10:14:38 +0000] "GET /v1/room/1 HTTP/1.1" 200 196 "-" "PostmanRuntime/7.43.0"
::1 - - [25/Feb/2025:10:15:54 +0000] "PUT /v1/room/1 HTTP/1.1" 500 455 "-" "PostmanRuntime/7.43.0"
::1 - - [25/Feb/2025:10:16:42 +0000] "GET /v1/room/1 HTTP/1.1" 200 196 "-" "PostmanRuntime/7.43.0"
::1 - - [25/Feb/2025:10:17:00 +0000] "PUT /v1/room/1 HTTP/1.1" 200 - "-" "PostmanRuntime/7.43.0"
::1 - - [25/Feb/2025:10:17:25 +0000] "PUT /v1/room/1 HTTP/1.1" 200 196 "-" "PostmanRuntime/7.43.0"
::1 - - [25/Feb/2025:10:22:59 +0000] "PUT /v1/room/1?type=remove HTTP/1.1" 200 196 "-" "PostmanRuntime/7.43.0"
::1 - - [25/Feb/2025:10:23:12 +0000] "PATCH /v1/room/1?type=remove HTTP/1.1" 200 199 "-" "PostmanRuntime/7.43.0"
::1 - - [25/Feb/2025:10:23:19 +0000] "PATCH /v1/room/1?type=restore HTTP/1.1" 200 196 "-" "PostmanRuntime/7.43.0"
::1 - - [25/Feb/2025:10:39:19 +0000] "GET /v1/category HTTP/1.1" 500 325 "-" "PostmanRuntime/7.43.0"
::1 - - [25/Feb/2025:10:39:50 +0000] "GET /v1/category HTTP/1.1" 200 382 "-" "PostmanRuntime/7.43.0"
::1 - - [25/Feb/2025:11:08:49 +0000] "GET /v1/category/1 HTTP/1.1" 200 190 "-" "PostmanRuntime/7.43.0"
::1 - - [25/Feb/2025:11:08:52 +0000] "GET /v1/category/2 HTTP/1.1" 200 189 "-" "PostmanRuntime/7.43.0"
::1 - - [25/Feb/2025:11:08:55 +0000] "GET /v1/category/3 HTTP/1.1" 400 17 "-" "PostmanRuntime/7.43.0"
::1 - - [25/Feb/2025:11:08:58 +0000] "GET /v1/category/ HTTP/1.1" 200 382 "-" "PostmanRuntime/7.43.0"
::1 - - [25/Feb/2025:11:16:40 +0000] "GET /v1/category/1?type=remove HTTP/1.1" 200 190 "-" "PostmanRuntime/7.43.0"
::1 - - [25/Feb/2025:11:16:42 +0000] "PATCH /v1/category/1?type=remove HTTP/1.1" 500 84 "-" "PostmanRuntime/7.43.0"
::1 - - [25/Feb/2025:11:17:15 +0000] "PATCH /v1/category/1?type=remove HTTP/1.1" 500 84 "-" "PostmanRuntime/7.43.0"
::1 - - [25/Feb/2025:11:17:17 +0000] "PATCH /v1/category/1?type=remove HTTP/1.1" 500 84 "-" "PostmanRuntime/7.43.0"
::1 - - [25/Feb/2025:11:17:20 +0000] "PATCH /v1/category/1?type=remove HTTP/1.1" 500 84 "-" "PostmanRuntime/7.43.0"
::1 - - [25/Feb/2025:11:18:48 +0000] "PATCH /v1/category/1 HTTP/1.1" 400 25 "-" "PostmanRuntime/7.43.0"
::1 - - [25/Feb/2025:11:19:16 +0000] "PATCH /v1/category/1?type=remove HTTP/1.1" 200 193 "-" "PostmanRuntime/7.43.0"
::1 - - [25/Feb/2025:11:19:30 +0000] "PATCH /v1/category/1?type=restore HTTP/1.1" 200 190 "-" "PostmanRuntime/7.43.0"
::1 - - [26/Feb/2025:01:33:21 +0000] "PATCH /v1/category/1?type=restore HTTP/1.1" 200 190 "-" "PostmanRuntime/7.43.0"
::1 - - [26/Feb/2025:01:36:46 +0000] "PATCH /v1/category/1?type=remove HTTP/1.1" 200 193 "-" "PostmanRuntime/7.43.0"
::1 - - [26/Feb/2025:01:36:52 +0000] "PATCH /v1/category/1?type=restore HTTP/1.1" 200 190 "-" "PostmanRuntime/7.43.0"
::1 - - [26/Feb/2025:01:50:17 +0000] "GET /v1/supplier/2 HTTP/1.1" 400 17 "-" "PostmanRuntime/7.43.0"
::1 - - [26/Feb/2025:01:50:23 +0000] "GET /v1/supplier HTTP/1.1" 400 17 "-" "PostmanRuntime/7.43.0"
::1 - - [26/Feb/2025:01:51:56 +0000] "PATCH /v1/supplier HTTP/1.1" 404 152 "-" "PostmanRuntime/7.43.0"
::1 - - [26/Feb/2025:01:51:58 +0000] "PATCH /v1/supplier HTTP/1.1" 404 152 "-" "PostmanRuntime/7.43.0"
::1 - - [26/Feb/2025:01:52:33 +0000] "PATCH /v1/supplier HTTP/1.1" 404 152 "-" "PostmanRuntime/7.43.0"
::1 - - [26/Feb/2025:01:52:34 +0000] "PATCH /v1/supplier HTTP/1.1" 404 152 "-" "PostmanRuntime/7.43.0"
::1 - - [26/Feb/2025:01:52:35 +0000] "PATCH /v1/supplier HTTP/1.1" 404 152 "-" "PostmanRuntime/7.43.0"
::1 - - [26/Feb/2025:01:52:35 +0000] "PATCH /v1/supplier HTTP/1.1" 404 152 "-" "PostmanRuntime/7.43.0"
::1 - - [26/Feb/2025:01:53:19 +0000] "PATCH /v1/supplier HTTP/1.1" 404 152 "-" "PostmanRuntime/7.43.0"
::1 - - [26/Feb/2025:01:53:28 +0000] "GET /v1/supplier HTTP/1.1" 400 17 "-" "PostmanRuntime/7.43.0"
::1 - - [26/Feb/2025:01:53:45 +0000] "GET /v1/supplier/2 HTTP/1.1" 400 17 "-" "PostmanRuntime/7.43.0"
::1 - - [26/Feb/2025:01:53:50 +0000] "PATCH /v1/supplier/2 HTTP/1.1" 400 25 "-" "PostmanRuntime/7.43.0"
::1 - - [26/Feb/2025:01:57:03 +0000] "POST /v1/supplier HTTP/1.1" 200 206 "-" "PostmanRuntime/7.43.0"
::1 - - [26/Feb/2025:01:57:18 +0000] "POST /v1/supplier HTTP/1.1" 200 206 "-" "PostmanRuntime/7.43.0"
::1 - - [26/Feb/2025:01:57:24 +0000] "GET /v1/supplier HTTP/1.1" 200 415 "-" "PostmanRuntime/7.43.0"
::1 - - [26/Feb/2025:02:13:31 +0000] "PATCH /v1/supplier/2?type=remove HTTP/1.1" 200 209 "-" "PostmanRuntime/7.43.0"
::1 - - [26/Feb/2025:02:13:49 +0000] "PATCH /v1/supplier/2?type=restore HTTP/1.1" 200 206 "-" "PostmanRuntime/7.43.0"
::1 - - [26/Feb/2025:06:21:49 +0000] "GET /v1/sale HTTP/1.1" 400 17 "-" "PostmanRuntime/7.43.0"
::1 - - [26/Feb/2025:06:21:58 +0000] "GET /v1/sale/2 HTTP/1.1" 400 17 "-" "PostmanRuntime/7.43.0"
::1 - - [26/Feb/2025:06:30:44 +0000] "GET /v1/sale/2 HTTP/1.1" 400 17 "-" "PostmanRuntime/7.43.0"
::1 - - [26/Feb/2025:06:34:59 +0000] "POST /v1/sale HTTP/1.1" 200 174 "-" "PostmanRuntime/7.43.0"
::1 - - [26/Feb/2025:06:35:06 +0000] "GET /v1/sale HTTP/1.1" 200 176 "-" "PostmanRuntime/7.43.0"
::1 - - [26/Feb/2025:06:35:12 +0000] "GET /v1/sale/1 HTTP/1.1" 200 174 "-" "PostmanRuntime/7.43.0"
::1 - - [26/Feb/2025:06:35:30 +0000] "GET /v1/sale/1?status=disactive HTTP/1.1" 400 17 "-" "PostmanRuntime/7.43.0"
::1 - - [26/Feb/2025:06:35:39 +0000] "GET /v1/sale/1?status=active HTTP/1.1" 200 174 "-" "PostmanRuntime/7.43.0"
::1 - - [26/Feb/2025:06:35:52 +0000] "GET /v1/sale/?status=active HTTP/1.1" 200 176 "-" "PostmanRuntime/7.43.0"
::1 - - [26/Feb/2025:06:36:13 +0000] "PATCH /v1/sale/1? HTTP/1.1" 400 25 "-" "PostmanRuntime/7.43.0"
::1 - - [26/Feb/2025:06:36:20 +0000] "PATCH /v1/sale/1?type=hi HTTP/1.1" 200 17 "-" "PostmanRuntime/7.43.0"
::1 - - [26/Feb/2025:06:36:26 +0000] "PATCH /v1/sale/1?type=remove HTTP/1.1" 200 177 "-" "PostmanRuntime/7.43.0"
::1 - - [26/Feb/2025:06:36:31 +0000] "PATCH /v1/sale/1?type=restore HTTP/1.1" 200 174 "-" "PostmanRuntime/7.43.0"
::1 - - [26/Feb/2025:07:20:38 +0000] "GET /api/payment HTTP/1.1" 404 150 "-" "PostmanRuntime/7.43.0"
::1 - - [26/Feb/2025:07:20:54 +0000] "GET /v1/payment HTTP/1.1" 400 17 "-" "PostmanRuntime/7.43.0"
::1 - - [26/Feb/2025:07:26:39 +0000] "POST /v1/payment HTTP/1.1" 200 303 "-" "PostmanRuntime/7.43.0"
::1 - - [26/Feb/2025:07:27:16 +0000] "POST /v1/payment HTTP/1.1" 200 297 "-" "PostmanRuntime/7.43.0"
::1 - - [26/Feb/2025:07:28:04 +0000] "POST /v1/payment HTTP/1.1" 200 297 "-" "PostmanRuntime/7.43.0"
::1 - - [26/Feb/2025:07:28:39 +0000] "GET /v1/payment HTTP/1.1" 200 1850 "-" "PostmanRuntime/7.43.0"
::1 - - [26/Feb/2025:07:30:52 +0000] "POST /v1/payment HTTP/1.1" 200 303 "-" "PostmanRuntime/7.43.0"
::1 - - [26/Feb/2025:07:31:49 +0000] "GET /v1/payment HTTP/1.1" 200 2481 "-" "PostmanRuntime/7.43.0"
::1 - - [26/Feb/2025:07:32:45 +0000] "GET /v1/payment HTTP/1.1" 200 1217 "-" "PostmanRuntime/7.43.0"
::1 - - [26/Feb/2025:07:52:55 +0000] "PATCH /v1/payment/1?type=remove HTTP/1.1" 200 306 "-" "PostmanRuntime/7.43.0"
::1 - - [26/Feb/2025:07:53:02 +0000] "PATCH /v1/payment/1?type=restore HTTP/1.1" 200 303 "-" "PostmanRuntime/7.43.0"
::1 - - [26/Feb/2025:08:03:35 +0000] "GET /v1/payment HTTP/1.1" 200 1217 "-" "PostmanRuntime/7.43.0"
::1 - - [26/Feb/2025:08:03:59 +0000] "GET /v1/payment HTTP/1.1" 200 1217 "-" "PostmanRuntime/7.43.0"
::1 - - [26/Feb/2025:08:04:03 +0000] "GET /v1/payment HTTP/1.1" 200 1217 "-" "PostmanRuntime/7.43.0"
::1 - - [26/Feb/2025:08:04:05 +0000] "GET /v1/payment HTTP/1.1" 200 1217 "-" "PostmanRuntime/7.43.0"
::1 - - [26/Feb/2025:08:04:06 +0000] "GET /v1/payment HTTP/1.1" 200 1217 "-" "PostmanRuntime/7.43.0"
::1 - - [26/Feb/2025:08:04:07 +0000] "GET /v1/payment HTTP/1.1" 200 1217 "-" "PostmanRuntime/7.43.0"
